Ôû▓ Next.js 16.2.1 (webpack)
- Environments: .env.local

ÔÜá The "middleware" file convention is deprecated. Please use "proxy" instead. Learn more: https://nextjs.org/docs/messages/middleware-to-proxy
  Creating an optimized production build ...
Ô£ô (serwist) Bundling the service worker script with the URL '/sw.js' and the scope '/'...
<w> [webpack.cache.PackFileCacheStrategy] Serializing big strings (140kiB) impacts deserialization performance (consider using Buffer instead and decode when needed)
Ô£ô Compiled successfully in 13.2s
  Running TypeScript ...
Failed to type check.
System.Management.Automation.RemoteException
./backend-cuaderno/src/app.controller.ts:8:3
Type error: Unable to resolve signature of method decorator when called as an expression.
  The runtime will invoke the decorator with 2 arguments, but the decorator expects 3.
System.Management.Automation.RemoteException
  [90m 6 |[0m   constructor([36mprivate[0m readonly appService: [33mAppService[0m) {}
  [90m 7 |[0m
[31m[1m>[0m [90m 8 |[0m   @[33mGet[0m()
  [90m   |[0m   [31m[1m^[0m
  [90m 9 |[0m   getHello(): string {
  [90m10 |[0m     [36mreturn[0m [36mthis[0m.appService.getHello();
  [90m11 |[0m   }
Next.js build worker exited with code: 1 and signal: null
