
> micro-apps-portal@0.1.0 build
> next build

Ôû▓ Next.js 16.2.1 (Turbopack)
- Environments: .env.local

node.exe : ÔÜá The 
"middleware" file 
convention is 
deprecated. Please use 
"proxy" instead. Learn 
more: https://nextjs.or
g/docs/messages/middlew
are-to-proxy
En línea: 1 Carácter: 1
+ & "C:\Program 
Files\nodejs/node.exe" 
"C:\Program 
Files\nodejs/node_mo 
...
+ ~~~~~~~~~~~~~~~~~~~~~
~~~~~~~~~~~~~~~~~~~~~~~
~~~~~~~~~~~~~~~~~~~~~~~
~~
    + CategoryInfo     
         : NotSpecifi  
  ed: (ÔÜá The "midd   
 le...leware-to-pro    
xy:String) [], Rem    
oteException
    + FullyQualifiedEr 
   rorId : NativeComm  
  andError
 
  Creating an optimized production build ...

> Build error occurred
Error: Turbopack build 
failed with 1 errors:
./src/app/layout.tsx:2:
1
Module not found: 
Can't resolve 
'../globals.css'
  [90m1 |[0m 
[36mimport[0m 
[36mtype[0m { 
[33mMetadata[0m } 
[36mfrom[0m 
[32m'next'[0m
[31m[1m>[0m [90m2 
|[0m [36mimport[0m 
[32m'../globals.css'[0
m
  [90m  |[0m [31m[1
m^^^^^^^^^^^^^^^^^^^^^^
^[0m
  [90m3 |[0m 
[36mimport[0m { 
[33mI18nProvider[0m 
} [36mfrom[0m 
[32m'@/lib/i18n'[0m
  [90m4 |[0m 
[36mimport[0m { 
[33mToastProvider[0m 
} [36mfrom[0m [32m'@
/components/ui/Toast'[
0m
  [90m5 |[0m



https://nextjs.org/docs
/messages/module-not-fo
und


    at <unknown> (./src
/app/layout.tsx:2:1)
    at <unknown> (https
://nextjs.org/docs/mess
ages/module-not-found)
